
> client@0.0.0 build
> vite build

[36mvite v8.0.10 [32mbuilding client environment for production...[36m[39m
[2K
transforming...Γ£ô 4644 modules transformed.
rendering chunks...
node.exe : [31mΓ£ù[39m Build failed in 807ms
At line:1 char:1
+ & "C:\Program Files\nodejs/node.exe" "C:\Users\naeem\AppData\Roaming\ ...
+ ~~~~~~~~~~~~~~~~~~~~~~~~~~~~~~~~~~~~~~~~~~~~~~~~~~~~~~~~~~~~~~~~~~~~~
    + CategoryInfo          : NotSpecified: ([31mΓ£ù[39m Build failed in 807ms:String) [], RemoteException
    + FullyQualifiedErrorId : NativeCommandError
 
[31merror during build:
[31mBuild failed with 14 errors:

[31m[MISSING_EXPORT] Error:[0m "LayoutDashboard" is not exported by 
"node_modules/@phosphor-icons/react/dist/index.es.js".
   [38;5;246mΓò¡[0m[38;5;246mΓöÇ[0m[38;5;246m[[0m src/components/Sidebar.jsx:4:10 [38;5;246m][0m
   [38;5;246mΓöé[0m
 [38;5;246m4 Γöé[0m 
[38;5;249mi[0m[38;5;249mm[0m[38;5;249mp[0m[38;5;249mo[0m[38;5;249mr[0m[38;5;249mt[0m[38;5;249m 
[0m[38;5;249m{[0m[38;5;249m [0mLayoutDashboard[38;5;249m,[0m[38;5;249m [0m[38;5;249mF[0m[38;5;249mi[0m[38
;5;249ml[0m[38;5;249me[0m[38;5;249mT[0m[38;5;249me[0m[38;5;249mx[0m[38;5;249mt[0m[38;5;249m,[0m[38;5;249m
 [0m[38;5;249mP[0m[38;5;249ml[0m[38;5;249mu[0m[38;5;249ms[0m[38;5;249mC[0m[38;5;249mi[0m[38;5;249mr[0m[
38;5;249mc[0m[38;5;249ml[0m[38;5;249me[0m[38;5;249m,[0m[38;5;249m 
[0m[38;5;249mU[0m[38;5;249ms[0m[38;5;249me[0m[38;5;249mr[0m[38;5;249m,[0m[38;5;249m 
[0m[38;5;249mU[0m[38;5;249ms[0m[38;5;249me[0m[38;5;249mr[0m[38;5;249ms[0m[38;5;249m,[0m[38;5;249m [0m[3
8;5;249mS[0m[38;5;249mh[0m[38;5;249mi[0m[38;5;249me[0m[38;5;249ml[0m[38;5;249md[0m[38;5;249mC[0m[38;5;249
mh[0m[38;5;249me[0m[38;5;249mc[0m[38;5;249mk[0m[38;5;249m,[0m[38;5;249m [0m[38;5;249mS[0m[38;5;249mi[0m
[38;5;249mg[0m[38;5;249mn[0m[38;5;249mO[0m[38;5;249mu[0m[38;5;249mt[0m[38;5;249m,[0m[38;5;249m 
[0m[38;5;249mX[0m[38;5;249m,[0m[38;5;249m [0m[38;5;249mC[0m[38;5;249mh[0m[38;5;249ma[0m[38;5;249mr[0m[3
8;5;249mt[0m[38;5;249mB[0m[38;5;249ma[0m[38;5;249mr[0m[38;5;249m,[0m[38;5;249m [0m[38;5;249mF[0m[38;5;249
mi[0m[38;5;249ml[0m[38;5;249me[0m[38;5;249mS[0m[38;5;249me[0m[38;5;249ma[0m[38;5;249mr[0m[38;5;249mc[0m
[38;5;249mh[0m[38;5;249m [0m[38;5;249m}[0m[38;5;249m 
[0m[38;5;249mf[0m[38;5;249mr[0m[38;5;249mo[0m[38;5;249mm[0m[38;5;249m [0m[38;5;249m"[0m[38;5;249m@[0m[3
8;5;249mp[0m[38;5;249mh[0m[38;5;249mo[0m[38;5;249ms[0m[38;5;249mp[0m[38;5;249mh[0m[38;5;249mo[0m[38;5;249
mr[0m[38;5;249m-[0m[38;5;249mi[0m[38;5;249mc[0m[38;5;249mo[0m[38;5;249mn[0m[38;5;249ms[0m[38;5;249m/[0m
[38;5;249mr[0m[38;5;249me[0m[38;5;249ma[0m[38;5;249mc[0m[38;5;249mt[0m[38;5;249m"[0m[38;5;249m;[0m
 [38;5;240m  Γöé[0m          ΓöÇΓöÇΓöÇΓöÇΓöÇΓöÇΓöÇΓö¼ΓöÇΓöÇΓöÇΓöÇΓöÇΓöÇΓöÇ  
 [38;5;240m  Γöé[0m                 Γò░ΓöÇΓöÇΓöÇΓöÇΓöÇΓöÇΓöÇΓöÇΓöÇ Missing export
[38;5;246mΓöÇΓöÇΓöÇΓò»[0m

[31m[MISSING_EXPORT] Error:[0m "FileSearch" is not exported by "node_modules/@phosphor-icons/react/dist/index.es.js".
   [38;5;246mΓò¡[0m[38;5;246mΓöÇ[0m[38;5;246m[[0m src/components/Sidebar.jsx:4:97 [38;5;246m][0m
   [38;5;246mΓöé[0m
 [38;5;246m4 Γöé[0m 
[38;5;249mi[0m[38;5;249mm[0m[38;5;249mp[0m[38;5;249mo[0m[38;5;249mr[0m[38;5;249mt[0m[38;5;249m 
[0m[38;5;249m{[0m[38;5;249m [0m[38;5;249mL[0m[38;5;249ma[0m[38;5;249my[0m[38;5;249mo[0m[38;5;249mu[0m[3
8;5;249mt[0m[38;5;249mD[0m[38;5;249ma[0m[38;5;249ms[0m[38;5;249mh[0m[38;5;249mb[0m[38;5;249mo[0m[38;5;249
ma[0m[38;5;249mr[0m[38;5;249md[0m[38;5;249m,[0m[38;5;249m [0m[38;5;249mF[0m[38;5;249mi[0m[38;5;249ml[0m
[38;5;249me[0m[38;5;249mT[0m[38;5;249me[0m[38;5;249mx[0m[38;5;249mt[0m[38;5;249m,[0m[38;5;249m [0m[38;5;2
49mP[0m[38;5;249ml[0m[38;5;249mu[0m[38;5;249ms[0m[38;5;249mC[0m[38;5;249mi[0m[38;5;249mr[0m[38;5;249mc[0
m[38;5;249ml[0m[38;5;249me[0m[38;5;249m,[0m[38;5;249m 
[0m[38;5;249mU[0m[38;5;249ms[0m[38;5;249me[0m[38;5;249mr[0m[38;5;249m,[0m[38;5;249m 
[0m[38;5;249mU[0m[38;5;249ms[0m[38;5;249me[0m[38;5;249mr[0m[38;5;249ms[0m[38;5;249m,[0m[38;5;249m [0m[3
8;5;249mS[0m[38;5;249mh[0m[38;5;249mi[0m[38;5;249me[0m[38;5;249ml[0m[38;5;249md[0m[38;5;249mC[0m[38;5;249
mh[0m[38;5;249me[0m[38;5;249mc[0m[38;5;249mk[0m[38;5;249m,[0m[38;5;249m [0m[38;5;249mS[0m[38;5;249mi[0m
[38;5;249mg[0m[38;5;249mn[0m[38;5;249mO[0m[38;5;249mu[0m[38;5;249mt[0m[38;5;249m,[0m[38;5;249m 
[0m[38;5;249mX[0m[38;5;249m,[0m[38;5;249m [0m[38;5;249mC[0m[38;5;249mh[0m[38;5;249ma[0m[38;5;249mr[0m[3
8;5;249mt[0m[38;5;249mB[0m[38;5;249ma[0m[38;5;249mr[0m[38;5;249m,[0m[38;5;249m [0mFileSearch[38;5;249m 
[0m[38;5;249m}[0m[38;5;249m [0m[38;5;249mf[0m[38;5;249mr[0m[38;5;249mo[0m[38;5;249mm[0m[38;5;249m [0m[3
8;5;249m"[0m[38;5;249m@[0m[38;5;249mp[0m[38;5;249mh[0m[38;5;249mo[0m[38;5;249ms[0m[38;5;249mp[0m[38;5;249
mh[0m[38;5;249mo[0m[38;5;249mr[0m[38;5;249m-[0m[38;5;249mi[0m[38;5;249mc[0m[38;5;249mo[0m[38;5;249mn[0m
[38;5;249ms[0m[38;5;249m/[0m[38;5;249mr[0m[38;5;249me[0m[38;5;249ma[0m[38;5;249mc[0m[38;5;249mt[0m[38;5;2
49m"[0m[38;5;249m;[0m
 [38;5;240m  Γöé[0m                                                                                                 
ΓöÇΓöÇΓöÇΓöÇΓöÇΓö¼ΓöÇΓöÇΓöÇΓöÇ  
 [38;5;240m  Γöé[0m                                                                                                  
    Γò░ΓöÇΓöÇΓöÇΓöÇΓöÇΓöÇ Missing export
[38;5;246mΓöÇΓöÇΓöÇΓò»[0m

[31m[MISSING_EXPORT] Error:[0m "Mail" is not exported by "node_modules/@phosphor-icons/react/dist/index.es.js".
   [38;5;246mΓò¡[0m[38;5;246mΓöÇ[0m[38;5;246m[[0m src/pages/Login.jsx:4:10 [38;5;246m][0m
   [38;5;246mΓöé[0m
 [38;5;246m4 Γöé[0m 
[38;5;249mi[0m[38;5;249mm[0m[38;5;249mp[0m[38;5;249mo[0m[38;5;249mr[0m[38;5;249mt[0m[38;5;249m 
[0m[38;5;249m{[0m[38;5;249m [0mMail[38;5;249m,[0m[38;5;249m 
[0m[38;5;249mL[0m[38;5;249mo[0m[38;5;249mc[0m[38;5;249mk[0m[38;5;249m,[0m[38;5;249m 
[0m[38;5;249mE[0m[38;5;249my[0m[38;5;249me[0m[38;5;249m,[0m[38;5;249m [0m[38;5;249mE[0m[38;5;249my[0m[3
8;5;249me[0m[38;5;249mS[0m[38;5;249ml[0m[38;5;249ma[0m[38;5;249ms[0m[38;5;249mh[0m[38;5;249m,[0m[38;5;249
m [0m[38;5;249mS[0m[38;5;249mh[0m[38;5;249mi[0m[38;5;249me[0m[38;5;249ml[0m[38;5;249md[0m[38;5;249mC[0m
[38;5;249mh[0m[38;5;249me[0m[38;5;249mc[0m[38;5;249mk[0m[38;5;249m,[0m[38;5;249m 
[0m[38;5;249mS[0m[38;5;249mi[0m[38;5;249mg[0m[38;5;249mn[0m[38;5;249mI[0m[38;5;249mn[0m[38;5;249m 
[0m[38;5;249m}[0m[38;5;249m [0m[38;5;249mf[0m[38;5;249mr[0m[38;5;249mo[0m[38;5;249mm[0m[38;5;249m [0m[3
8;5;249m"[0m[38;5;249m@[0m[38;5;249mp[0m[38;5;249mh[0m[38;5;249mo[0m[38;5;249ms[0m[38;5;249mp[0m[38;5;249
mh[0m[38;5;249mo[0m[38;5;249mr[0m[38;5;249m-[0m[38;5;249mi[0m[38;5;249mc[0m[38;5;249mo[0m[38;5;249mn[0m
[38;5;249ms[0m[38;5;249m/[0m[38;5;249mr[0m[38;5;249me[0m[38;5;249ma[0m[38;5;249mc[0m[38;5;249mt[0m[38;5;2
49m"[0m[38;5;249m;[0m
 [38;5;240m  Γöé[0m          ΓöÇΓöÇΓö¼ΓöÇ  
 [38;5;240m  Γöé[0m            Γò░ΓöÇΓöÇΓöÇ Missing export
[38;5;246mΓöÇΓöÇΓöÇΓò»[0m

[31m[MISSING_EXPORT] Error:[0m "Mail" is not exported by "node_modules/@phosphor-icons/react/dist/index.es.js".
   [38;5;246mΓò¡[0m[38;5;246mΓöÇ[0m[38;5;246m[[0m src/pages/Register.jsx:4:10 [38;5;246m][0m
   [38;5;246mΓöé[0m
 [38;5;246m4 Γöé[0m 
[38;5;249mi[0m[38;5;249mm[0m[38;5;249mp[0m[38;5;249mo[0m[38;5;249mr[0m[38;5;249mt[0m[38;5;249m 
[0m[38;5;249m{[0m[38;5;249m [0mMail[38;5;249m,[0m[38;5;249m 
[0m[38;5;249mL[0m[38;5;249mo[0m[38;5;249mc[0m[38;5;249mk[0m[38;5;249m,[0m[38;5;249m 
[0m[38;5;249mU[0m[38;5;249ms[0m[38;5;249me[0m[38;5;249mr[0m[38;5;249m,[0m[38;5;249m 
[0m[38;5;249mE[0m[38;5;249my[0m[38;5;249me[0m[38;5;249m,[0m[38;5;249m [0m[38;5;249mE[0m[38;5;249my[0m[3
8;5;249me[0m[38;5;249mS[0m[38;5;249ml[0m[38;5;249ma[0m[38;5;249ms[0m[38;5;249mh[0m[38;5;249m,[0m[38;5;249
m [0m[38;5;249mS[0m[38;5;249mh[0m[38;5;249mi[0m[38;5;249me[0m[38;5;249ml[0m[38;5;249md[0m[38;5;249mC[0m
[38;5;249mh[0m[38;5;249me[0m[38;5;249mc[0m[38;5;249mk[0m[38;5;249m,[0m[38;5;249m [0m[38;5;249mU[0m[38;5;2
49ms[0m[38;5;249me[0m[38;5;249mr[0m[38;5;249mP[0m[38;5;249ml[0m[38;5;249mu[0m[38;5;249ms[0m[38;5;249m 
[0m[38;5;249m}[0m[38;5;249m [0m[38;5;249mf[0m[38;5;249mr[0m[38;5;249mo[0m[38;5;249mm[0m[38;5;249m [0m[3
8;5;249m"[0m[38;5;249m@[0m[38;5;249mp[0m[38;5;249mh[0m[38;5;249mo[0m[38;5;249ms[0m[38;5;249mp[0m[38;5;249
mh[0m[38;5;249mo[0m[38;5;249mr[0m[38;5;249m-[0m[38;5;249mi[0m[38;5;249mc[0m[38;5;249mo[0m[38;5;249mn[0m
[38;5;249ms[0m[38;5;249m/[0m[38;5;249mr[0m[38;5;249me[0m[38;5;249ma[0m[38;5;249mc[0m[38;5;249mt[0m[38;5;2
49m"[0m[38;5;249m;[0m
 [38;5;240m  Γöé[0m          ΓöÇΓöÇΓö¼ΓöÇ  
 [38;5;240m  Γöé[0m            Γò░ΓöÇΓöÇΓöÇ Missing export
[38;5;246mΓöÇΓöÇΓöÇΓò»[0m

[31m[MISSING_EXPORT] Error:[0m "Mail" is not exported by "node_modules/@phosphor-icons/react/dist/index.es.js".
   [38;5;246mΓò¡[0m[38;5;246mΓöÇ[0m[38;5;246m[[0m src/pages/ForgotPassword.jsx:4:10 [38;5;246m][0m
   [38;5;246mΓöé[0m
 [38;5;246m4 Γöé[0m 
[38;5;249mi[0m[38;5;249mm[0m[38;5;249mp[0m[38;5;249mo[0m[38;5;249mr[0m[38;5;249mt[0m[38;5;249m 
[0m[38;5;249m{[0m[38;5;249m [0mMail[38;5;249m,[0m[38;5;249m [0m[38;5;249mS[0m[38;5;249mh[0m[38;5;249mi[0
m[38;5;249me[0m[38;5;249ml[0m[38;5;249md[0m[38;5;249mC[0m[38;5;249mh[0m[38;5;249me[0m[38;5;249mc[0m[38;5
;249mk[0m[38;5;249m,[0m[38;5;249m [0m[38;5;249mA[0m[38;5;249mr[0m[38;5;249mr[0m[38;5;249mo[0m[38;5;249mw
[0m[38;5;249mL[0m[38;5;249me[0m[38;5;249mf[0m[38;5;249mt[0m[38;5;249m,[0m[38;5;249m 
[0m[38;5;249mS[0m[38;5;249me[0m[38;5;249mn[0m[38;5;249md[0m[38;5;249m [0m[38;5;249m}[0m[38;5;249m 
[0m[38;5;249mf[0m[38;5;249mr[0m[38;5;249mo[0m[38;5;249mm[0m[38;5;249m [0m[38;5;249m"[0m[38;5;249m@[0m[3
8;5;249mp[0m[38;5;249mh[0m[38;5;249mo[0m[38;5;249ms[0m[38;5;249mp[0m[38;5;249mh[0m[38;5;249mo[0m[38;5;249
mr[0m[38;5;249m-[0m[38;5;249mi[0m[38;5;249mc[0m[38;5;249mo[0m[38;5;249mn[0m[38;5;249ms[0m[38;5;249m/[0m
[38;5;249mr[0m[38;5;249me[0m[38;5;249ma[0m[38;5;249mc[0m[38;5;249mt[0m[38;5;249m"[0m[38;5;249m;[0m
 [38;5;240m  Γöé[0m          ΓöÇΓöÇΓö¼ΓöÇ  
 [38;5;240m  Γöé[0m            Γò░ΓöÇΓöÇΓöÇ Missing export
[38;5;246mΓöÇΓöÇΓöÇΓò»[0m

...[31m
    at aggregateBindingErrorsIntoJsError (file:///C:/Users/naeem/Desktop/e-complaint-management-system/client/node_modu
les/rolldown/dist/shared/error-DL-e8-oE.mjs:48:18)
    at unwrapBindingResult (file:///C:/Users/naeem/Desktop/e-complaint-management-system/client/node_modules/rolldown/d
ist/shared/error-DL-e8-oE.mjs:18:128)
    at #build (file:///C:/Users/naeem/Desktop/e-complaint-management-system/client/node_modules/rolldown/dist/shared/ro
lldown-build-DSxL8qiP.mjs:3317:34)
    at async buildEnvironment (file:///C:/Users/naeem/Desktop/e-complaint-management-system/client/node_modules/vite/di
st/node/chunks/node.js:33018:64)
    at async Object.build (file:///C:/Users/naeem/Desktop/e-complaint-management-system/client/node_modules/vite/dist/n
ode/chunks/node.js:33440:19)
    at async Object.buildApp (file:///C:/Users/naeem/Desktop/e-complaint-management-system/client/node_modules/vite/dis
t/node/chunks/node.js:33437:153)
    at async CAC.<anonymous> 
(file:///C:/Users/naeem/Desktop/e-complaint-management-system/client/node_modules/vite/dist/node/cli.js:778:3) {
  errors: [Getter/Setter]
}[39m
